validated 0
validated 1
validated 2
validated 3
validated 4
validated 5
validated 6
validated 7
validated 8
validated 9
validated 10
validated 11
validated 12
validated 13
validated 14
validated 15
validated 16
validated 17
validated 18
validated 19
validated 20
validated 21
validated 22
validated 23
validated 24
validated 25
validated 26
validated 27
validated 28
validated 29
validated 30
validated 31
validated 32
validated 33
validated 34
validated 35
validated 36
validated 37
validated 38
validated 39
validated 40
validated 41
validated 42
validated 43
validated 44
validated 45
validated 46
validated 47
validated 48
validated 49
validated 50
validated 51
validated 52
validated 53
validated 54
validated 55
validated 56
validated 57
validated 58
validated 59
