preflight 12 72 True 721350656
preflight 32 143 True 721293312
concurrent.futures.process._RemoteTraceback: 
"""
Traceback (most recent call last):
  File "/home/simostocco/miniforge3/envs/proteingen/lib/python3.12/concurrent/futures/process.py", line 264, in _process_worker
    r = call_item.fn(*call_item.args, **call_item.kwargs)
        ^^^^^^^^^^^^^^^^^^^^^^^^^^^^^^^^^^^^^^^^^^^^^^^^^
  File "/home/simostocco/proteinGen-hybrid-local-global/scripts/run_e010_sequential_teacher_v16a.py", line 78, in one_preflight
    validation=teacher.validate(b)
               ^^^^^^^^^^^^^^^^^^^
  File "/home/simostocco/proteinGen-hybrid-local-global/src/protein_distance_diffusion/training/e010_sequential_teacher_v16a.py", line 208, in validate
    assert np.all(error <= 1e-8+1e-5*np.abs(jc))
           ^^^^^^^^^^^^^^^^^^^^^^^^^^^^^^^^^^^^^
AssertionError
"""

The above exception was the direct cause of the following exception:

Traceback (most recent call last):
  File "/home/simostocco/proteinGen-hybrid-local-global/scripts/run_e010_sequential_teacher_v16a.py", line 247, in <module>
    globals()[p.parse_args().mode]()
  File "/home/simostocco/proteinGen-hybrid-local-global/scripts/run_e010_sequential_teacher_v16a.py", line 103, in preflight
    row=pool.submit(one_preflight,n).result(timeout=contract['config']['resource_wall_cap_seconds'])
        ^^^^^^^^^^^^^^^^^^^^^^^^^^^^^^^^^^^^^^^^^^^^^^^^^^^^^^^^^^^^^^^^^^^^^^^^^^^^^^^^^^^^^^^^^^^^
  File "/home/simostocco/miniforge3/envs/proteingen/lib/python3.12/concurrent/futures/_base.py", line 456, in result
    return self.__get_result()
           ^^^^^^^^^^^^^^^^^^^
  File "/home/simostocco/miniforge3/envs/proteingen/lib/python3.12/concurrent/futures/_base.py", line 401, in __get_result
    raise self._exception
AssertionError
