0 143 46 0.30866296931472004
1 103 86 0.7069178393212767
2 88 101 0.3798376325846414
3 278 97 0.8157257774492234
4 185 190 0.7409455332781718
5 195 180 0.41973957674706625
6 31 24 0.06541311388324188
7 33 22 0.08426889409665461
8 36 19 0.023362367578364313
9 16 1 0.13824569304410878
10 9 8 0.010773429447026202
11 8 9 0.027962885071524186
12 16 8 0.034807005432240114
13 14 10 0.3293068312917856
14 14 10 0.005311697054167369
Traceback (most recent call last):
  File "/home/simostocco/proteinGen-hybrid-local-global/scripts/validate_e010_no_new_inversion_v9.py", line 31, in <module>
    assert scaled.max() <= 1, f"baseline {i} constraint gradient failed"
           ^^^^^^^^^^^^^^^^^
AssertionError: baseline 15 constraint gradient failed
