START run
run {'index': 0, 'saved': True, 'converged': False, 'iterations': 2000, 'prefix_exact': True}
run {'index': 1, 'saved': True, 'converged': False, 'iterations': 2000, 'prefix_exact': True}
run {'index': 2, 'saved': True, 'converged': False, 'iterations': 2000, 'prefix_exact': True}
run {'index': 6, 'saved': True, 'converged': False, 'iterations': 2000, 'prefix_exact': True}
run {'index': 3, 'saved': True, 'converged': False, 'iterations': 2000, 'prefix_exact': True}
run {'index': 7, 'saved': True, 'converged': False, 'iterations': 2000, 'prefix_exact': True}
run {'index': 9, 'saved': True, 'converged': True, 'iterations': 700, 'prefix_exact': True}
run {'index': 10, 'saved': True, 'converged': True, 'iterations': 330, 'prefix_exact': True}
run {'index': 11, 'saved': True, 'converged': True, 'iterations': 20, 'prefix_exact': True}
run {'index': 5, 'saved': True, 'converged': False, 'iterations': 2000, 'prefix_exact': True}
run {'index': 4, 'saved': True, 'converged': False, 'iterations': 2000, 'prefix_exact': True}
run {'index': 8, 'saved': True, 'converged': False, 'iterations': 2000, 'prefix_exact': True}
run {'index': 12, 'saved': True, 'converged': True, 'iterations': 1320, 'prefix_exact': True}
run {'index': 14, 'saved': True, 'converged': True, 'iterations': 1170, 'prefix_exact': True}
run {'index': 13, 'saved': True, 'converged': False, 'iterations': 2000, 'prefix_exact': True}
run {'index': 18, 'saved': True, 'converged': False, 'iterations': 2000, 'prefix_exact': True}
run {'index': 15, 'saved': True, 'converged': False, 'iterations': 2000, 'prefix_exact': True}
run {'index': 16, 'saved': True, 'converged': False, 'iterations': 2000, 'prefix_exact': True}
run {'index': 17, 'saved': True, 'converged': False, 'iterations': 2000, 'prefix_exact': True}
run {'index': 21, 'saved': True, 'converged': False, 'iterations': 2000, 'prefix_exact': True}
run {'index': 22, 'saved': True, 'converged': False, 'iterations': 2000, 'prefix_exact': True}
run {'index': 19, 'saved': True, 'converged': False, 'iterations': 2000, 'prefix_exact': True}
run {'index': 24, 'saved': True, 'converged': False, 'iterations': 2000, 'prefix_exact': True}
run {'index': 20, 'saved': True, 'converged': False, 'iterations': 2000, 'prefix_exact': True}
run {'index': 23, 'saved': True, 'converged': False, 'iterations': 2000, 'prefix_exact': True}
run {'index': 25, 'saved': True, 'converged': False, 'iterations': 2000, 'prefix_exact': True}
run {'index': 26, 'saved': True, 'converged': False, 'iterations': 2000, 'prefix_exact': True}
run {'index': 28, 'saved': True, 'converged': False, 'iterations': 2000, 'prefix_exact': True}
run {'index': 29, 'saved': True, 'converged': False, 'iterations': 2000, 'prefix_exact': True}
run {'index': 30, 'saved': True, 'converged': False, 'iterations': 2000, 'prefix_exact': True}
run {'index': 31, 'saved': True, 'converged': False, 'iterations': 2000, 'prefix_exact': True}
run {'index': 32, 'saved': True, 'converged': False, 'iterations': 2000, 'prefix_exact': True}
run {'index': 33, 'saved': True, 'converged': False, 'iterations': 2000, 'prefix_exact': True}
run {'index': 34, 'saved': True, 'converged': False, 'iterations': 2000, 'prefix_exact': True}
run {'index': 35, 'saved': True, 'converged': False, 'iterations': 2000, 'prefix_exact': True}
run {'index': 27, 'saved': True, 'converged': False, 'iterations': 2000, 'prefix_exact': True}
run {'index': 36, 'saved': True, 'converged': False, 'iterations': 2000, 'prefix_exact': True}
run {'index': 39, 'saved': True, 'converged': False, 'iterations': 2000, 'prefix_exact': True}
run {'index': 37, 'saved': True, 'converged': False, 'iterations': 2000, 'prefix_exact': True}
run {'index': 40, 'saved': True, 'converged': False, 'iterations': 2000, 'prefix_exact': True}
run {'index': 38, 'saved': True, 'converged': False, 'iterations': 2000, 'prefix_exact': True}
run {'index': 41, 'saved': True, 'converged': False, 'iterations': 2000, 'prefix_exact': True}
run {'index': 45, 'saved': True, 'converged': True, 'iterations': 30, 'prefix_exact': True}
run {'index': 42, 'saved': True, 'converged': False, 'iterations': 2000, 'prefix_exact': True}
run {'index': 43, 'saved': True, 'converged': False, 'iterations': 2000, 'prefix_exact': True}
run {'index': 44, 'saved': True, 'converged': False, 'iterations': 2000, 'prefix_exact': True}
run {'index': 46, 'saved': True, 'converged': False, 'iterations': 2000, 'prefix_exact': True}
run {'index': 47, 'saved': True, 'converged': False, 'iterations': 2000, 'prefix_exact': True}
run {'index': 51, 'saved': True, 'converged': False, 'iterations': 2000, 'prefix_exact': True}
run {'index': 49, 'saved': True, 'converged': False, 'iterations': 2000, 'prefix_exact': True}
run {'index': 50, 'saved': True, 'converged': False, 'iterations': 2000, 'prefix_exact': True}
run {'index': 52, 'saved': True, 'converged': False, 'iterations': 2000, 'prefix_exact': True}
run {'index': 54, 'saved': True, 'converged': False, 'iterations': 2000, 'prefix_exact': True}
run {'index': 55, 'saved': True, 'converged': False, 'iterations': 2000, 'prefix_exact': True}
run {'index': 56, 'saved': True, 'converged': False, 'iterations': 2000, 'prefix_exact': True}
run {'index': 53, 'saved': True, 'converged': False, 'iterations': 2000, 'prefix_exact': True}
run {'index': 57, 'saved': True, 'converged': False, 'iterations': 2000, 'prefix_exact': True}
run {'index': 58, 'saved': True, 'converged': False, 'iterations': 2000, 'prefix_exact': True}
run {'index': 59, 'saved': True, 'converged': False, 'iterations': 2000, 'prefix_exact': True}
run {'index': 48, 'saved': True, 'converged': False, 'iterations': 2000, 'prefix_exact': True}
FINISH run
START reproduce
reproduce {'index': 1, 'reproduced': True, 'prefix_exact': True}
reproduce {'index': 0, 'reproduced': True, 'prefix_exact': True}
reproduce {'index': 2, 'reproduced': True, 'prefix_exact': True}
reproduce {'index': 6, 'reproduced': True, 'prefix_exact': True}
reproduce {'index': 7, 'reproduced': True, 'prefix_exact': True}
reproduce {'index': 3, 'reproduced': True, 'prefix_exact': True}
reproduce {'index': 8, 'reproduced': True, 'prefix_exact': True}
reproduce {'index': 9, 'reproduced': True, 'prefix_exact': True}
reproduce {'index': 10, 'reproduced': True, 'prefix_exact': True}
reproduce {'index': 11, 'reproduced': True, 'prefix_exact': True}
reproduce {'index': 5, 'reproduced': True, 'prefix_exact': True}
reproduce {'index': 4, 'reproduced': True, 'prefix_exact': True}
reproduce {'index': 12, 'reproduced': True, 'prefix_exact': True}
reproduce {'index': 13, 'reproduced': True, 'prefix_exact': True}
reproduce {'index': 14, 'reproduced': True, 'prefix_exact': True}
reproduce {'index': 18, 'reproduced': True, 'prefix_exact': True}
reproduce {'index': 15, 'reproduced': True, 'prefix_exact': True}
reproduce {'index': 16, 'reproduced': True, 'prefix_exact': True}
reproduce {'index': 17, 'reproduced': True, 'prefix_exact': True}
reproduce {'index': 21, 'reproduced': True, 'prefix_exact': True}
reproduce {'index': 22, 'reproduced': True, 'prefix_exact': True}
reproduce {'index': 19, 'reproduced': True, 'prefix_exact': True}
reproduce {'index': 24, 'reproduced': True, 'prefix_exact': True}
reproduce {'index': 23, 'reproduced': True, 'prefix_exact': True}
reproduce {'index': 25, 'reproduced': True, 'prefix_exact': True}
reproduce {'index': 20, 'reproduced': True, 'prefix_exact': True}
reproduce {'index': 26, 'reproduced': True, 'prefix_exact': True}
reproduce {'index': 27, 'reproduced': True, 'prefix_exact': True}
reproduce {'index': 28, 'reproduced': True, 'prefix_exact': True}
reproduce {'index': 29, 'reproduced': True, 'prefix_exact': True}
reproduce {'index': 33, 'reproduced': True, 'prefix_exact': True}
reproduce {'index': 30, 'reproduced': True, 'prefix_exact': True}
reproduce {'index': 34, 'reproduced': True, 'prefix_exact': True}
reproduce {'index': 35, 'reproduced': True, 'prefix_exact': True}
reproduce {'index': 31, 'reproduced': True, 'prefix_exact': True}
reproduce {'index': 32, 'reproduced': True, 'prefix_exact': True}
reproduce {'index': 39, 'reproduced': True, 'prefix_exact': True}
reproduce {'index': 36, 'reproduced': True, 'prefix_exact': True}
reproduce {'index': 37, 'reproduced': True, 'prefix_exact': True}
reproduce {'index': 38, 'reproduced': True, 'prefix_exact': True}
reproduce {'index': 40, 'reproduced': True, 'prefix_exact': True}
reproduce {'index': 41, 'reproduced': True, 'prefix_exact': True}
reproduce {'index': 42, 'reproduced': True, 'prefix_exact': True}
reproduce {'index': 45, 'reproduced': True, 'prefix_exact': True}
reproduce {'index': 44, 'reproduced': True, 'prefix_exact': True}
reproduce {'index': 43, 'reproduced': True, 'prefix_exact': True}
reproduce {'index': 46, 'reproduced': True, 'prefix_exact': True}
reproduce {'index': 47, 'reproduced': True, 'prefix_exact': True}
reproduce {'index': 51, 'reproduced': True, 'prefix_exact': True}
reproduce {'index': 48, 'reproduced': True, 'prefix_exact': True}
reproduce {'index': 49, 'reproduced': True, 'prefix_exact': True}
reproduce {'index': 50, 'reproduced': True, 'prefix_exact': True}
reproduce {'index': 54, 'reproduced': True, 'prefix_exact': True}
reproduce {'index': 52, 'reproduced': True, 'prefix_exact': True}
reproduce {'index': 55, 'reproduced': True, 'prefix_exact': True}
reproduce {'index': 53, 'reproduced': True, 'prefix_exact': True}
reproduce {'index': 57, 'reproduced': True, 'prefix_exact': True}
reproduce {'index': 58, 'reproduced': True, 'prefix_exact': True}
reproduce {'index': 56, 'reproduced': True, 'prefix_exact': True}
reproduce {'index': 59, 'reproduced': True, 'prefix_exact': True}
FINISH reproduce
START report
MATCH-C 6 51 {'50': 19.16937268148248, '250': 8.385916372925706, '450': 8.500691815369255}
FINISH report
START verify
MATCH-C 6 51 {'50': 19.16937268148248, '250': 8.385916372925706, '450': 8.500691815369255}
All60 V13 states/certificates, paired prefixes and aggregate publication verified.
FINISH verify
V13 full panel and independent publication verification COMPLETE
