epoch 1/5:   0%|          | 0/30988 [00:00<?, ?it/s]epoch 1/5:   0%|          | 0/30988 [00:02<?, ?it/s]
Traceback (most recent call last):
  File "/home/simostocco/proteinGen/scripts/train_diffusion.py", line 30, in <module>
    main()
  File "/home/simostocco/proteinGen/scripts/train_diffusion.py", line 25, in main
    ckpt = train_from_config(config)
           ^^^^^^^^^^^^^^^^^^^^^^^^^
  File "/home/simostocco/proteinGen/src/protein_distance_diffusion/training/trainer.py", line 384, in train_from_config
    eps_hat = model(noisy, t, lengths, sep, pair_mask)
              ^^^^^^^^^^^^^^^^^^^^^^^^^^^^^^^^^^^^^^^^
  File "/home/simostocco/proteinGen/.venv/lib/python3.12/site-packages/torch/nn/modules/module.py", line 1778, in _wrapped_call_impl
    return self._call_impl(*args, **kwargs)
           ^^^^^^^^^^^^^^^^^^^^^^^^^^^^^^^^
  File "/home/simostocco/proteinGen/.venv/lib/python3.12/site-packages/torch/nn/modules/module.py", line 1789, in _call_impl
    return forward_call(*args, **kwargs)
           ^^^^^^^^^^^^^^^^^^^^^^^^^^^^^
  File "/home/simostocco/proteinGen/src/protein_distance_diffusion/models/unet.py", line 131, in forward
    x = block(torch.cat([x, skip], dim=1), cond)
        ^^^^^^^^^^^^^^^^^^^^^^^^^^^^^^^^^^^^^^^^
  File "/home/simostocco/proteinGen/.venv/lib/python3.12/site-packages/torch/nn/modules/module.py", line 1778, in _wrapped_call_impl
    return self._call_impl(*args, **kwargs)
           ^^^^^^^^^^^^^^^^^^^^^^^^^^^^^^^^
  File "/home/simostocco/proteinGen/.venv/lib/python3.12/site-packages/torch/nn/modules/module.py", line 1789, in _call_impl
    return forward_call(*args, **kwargs)
           ^^^^^^^^^^^^^^^^^^^^^^^^^^^^^
  File "/home/simostocco/proteinGen/src/protein_distance_diffusion/models/blocks.py", line 55, in forward
    h = self.conv1(torch.nn.functional.silu(self.norm1(x)))
        ^^^^^^^^^^^^^^^^^^^^^^^^^^^^^^^^^^^^^^^^^^^^^^^^^^^
  File "/home/simostocco/proteinGen/.venv/lib/python3.12/site-packages/torch/nn/modules/module.py", line 1778, in _wrapped_call_impl
    return self._call_impl(*args, **kwargs)
           ^^^^^^^^^^^^^^^^^^^^^^^^^^^^^^^^
  File "/home/simostocco/proteinGen/.venv/lib/python3.12/site-packages/torch/nn/modules/module.py", line 1789, in _call_impl
    return forward_call(*args, **kwargs)
           ^^^^^^^^^^^^^^^^^^^^^^^^^^^^^
  File "/home/simostocco/proteinGen/.venv/lib/python3.12/site-packages/torch/nn/modules/conv.py", line 565, in forward
    return self._conv_forward(input, self.weight, self.bias)
           ^^^^^^^^^^^^^^^^^^^^^^^^^^^^^^^^^^^^^^^^^^^^^^^^^
  File "/home/simostocco/proteinGen/.venv/lib/python3.12/site-packages/torch/nn/modules/conv.py", line 560, in _conv_forward
    return F.conv2d(
           ^^^^^^^^^
RuntimeError: CUDA driver error: device not ready
