concurrent.futures.process._RemoteTraceback: 
"""
Traceback (most recent call last):
  File "/home/simostocco/miniforge3/envs/proteingen/lib/python3.12/concurrent/futures/process.py", line 264, in _process_worker
    r = call_item.fn(*call_item.args, **call_item.kwargs)
        ^^^^^^^^^^^^^^^^^^^^^^^^^^^^^^^^^^^^^^^^^^^^^^^^^
  File "/home/simostocco/proteinGen-hybrid-local-global/scripts/run_e010_strict_scientific_v10.py", line 144, in example
    tr, log, z = v10.solve(b, cfg, physical, limits)
                 ^^^^^^^^^^^^^^^^^^^^^^^^^^^^^^^^^^^
  File "/home/simostocco/proteinGen-hybrid-local-global/src/protein_distance_diffusion/training/e010_strict_scientific_v10.py", line 246, in solve
    else certificate(b, delta, mu, config, contract)
         ^^^^^^^^^^^^^^^^^^^^^^^^^^^^^^^^^^^^^^^^^^^
  File "/home/simostocco/proteinGen-hybrid-local-global/src/protein_distance_diffusion/training/e010_strict_scientific_v10.py", line 192, in certificate
    maximum_linearized_cone_violation=float(np.max(a @ direction)),
                                            ^^^^^^^^^^^^^^^^^^^^^
  File "/home/simostocco/miniforge3/envs/proteingen/lib/python3.12/site-packages/numpy/_core/fromnumeric.py", line 3161, in max
    return _wrapreduction(a, np.maximum, 'max', axis, None, out,
           ^^^^^^^^^^^^^^^^^^^^^^^^^^^^^^^^^^^^^^^^^^^^^^^^^^^^^
  File "/home/simostocco/miniforge3/envs/proteingen/lib/python3.12/site-packages/numpy/_core/fromnumeric.py", line 83, in _wrapreduction
    return ufunc.reduce(obj, axis, dtype, out, **passkwargs)
           ^^^^^^^^^^^^^^^^^^^^^^^^^^^^^^^^^^^^^^^^^^^^^^^^^
ValueError: zero-size array to reduction operation maximum which has no identity
"""

The above exception was the direct cause of the following exception:

Traceback (most recent call last):
  File "/home/simostocco/proteinGen-hybrid-local-global/scripts/run_e010_strict_scientific_v10.py", line 216, in <module>
    register() if args.mode == "register" else execute(args.mode)
                                               ^^^^^^^^^^^^^^^^^^
  File "/home/simostocco/proteinGen-hybrid-local-global/scripts/run_e010_strict_scientific_v10.py", line 203, in execute
    print(mode, *future.result(), flush=True)
                 ^^^^^^^^^^^^^^^
  File "/home/simostocco/miniforge3/envs/proteingen/lib/python3.12/concurrent/futures/_base.py", line 449, in result
    return self.__get_result()
           ^^^^^^^^^^^^^^^^^^^
  File "/home/simostocco/miniforge3/envs/proteingen/lib/python3.12/concurrent/futures/_base.py", line 401, in __get_result
    raise self._exception
ValueError: zero-size array to reduction operation maximum which has no identity
